#
# An unexpected error has occurred (11)
#
Stack:
/lib/x86_64-linux-gnu/libc.so.6(+0x43090) [0x7f3ef7706090]
/home/coppholl/Xilinx/Vivado/2024.1/lib/lnx64.o/librdi_synth.so(HOptUtil::printMuxTableToString(DFNode*, DFNode*, UString&, std::__cxx11::basic_stringstream<char, std::char_traits<char>, std::allocator<char> >&)+0xb6d) [0x7f3ec1761c2d]
/home/coppholl/Xilinx/Vivado/2024.1/lib/lnx64.o/librdi_synth.so(HARTHDecompOneMux(DFNode*, DFNode*)+0x46f) [0x7f3ec04a5fff]
/home/coppholl/Xilinx/Vivado/2024.1/lib/lnx64.o/librdi_synth.so(HARTHDecompMuxes(DFGraph*)+0x1dc) [0x7f3ec04a68ec]
/home/coppholl/Xilinx/Vivado/2024.1/lib/lnx64.o/librdi_synth.so(HARTHOptPost::optimize()+0xb70) [0x7f3ec04097e0]
/home/coppholl/Xilinx/Vivado/2024.1/lib/lnx64.o/librdi_synth.so(HARTHOptDfg::optCallbackPost(DFGraph*)+0x1f) [0x7f3ec0bd480f]
/home/coppholl/Xilinx/Vivado/2024.1/lib/lnx64.o/librdi_synth.so(HARTNDb::HARTReSynthReInfer(HOptRestructDfg&, NRealModC*, HARTNDb::MergePhase)+0x226) [0x7f3ec0528346]
/home/coppholl/Xilinx/Vivado/2024.1/lib/lnx64.o/librdi_synth.so(HARTNDb::HARTMergeResynPartitionsR(NRealMod, HARTNDb::MergePhase, bool)+0x1d7f) [0x7f3ec055126f]
/home/coppholl/Xilinx/Vivado/2024.1/lib/lnx64.o/librdi_synth.so(HARTNDb::HARTMergeResynPartitionsR(NRealMod, HARTNDb::MergePhase, bool)+0xee8) [0x7f3ec05503d8]
/home/coppholl/Xilinx/Vivado/2024.1/lib/lnx64.o/librdi_synth.so(HARTNDb::HARTMergeResynPartitionsR(NRealMod, HARTNDb::MergePhase, bool)+0xee8) [0x7f3ec05503d8]
/home/coppholl/Xilinx/Vivado/2024.1/lib/lnx64.o/librdi_synth.so(HARTNDb::HARTMergeResynPartitions(NRealMod, HARTNDb::MergePhase, bool)+0x180) [0x7f3ec05529d0]
/home/coppholl/Xilinx/Vivado/2024.1/lib/lnx64.o/librdi_synth.so(HARTNDb::reSynthReInfer(bool)+0xe2) [0x7f3ec0552bf2]
/home/coppholl/Xilinx/Vivado/2024.1/lib/lnx64.o/librdi_synth.so(+0x1419763) [0x7f3ec06e9763]
/home/coppholl/Xilinx/Vivado/2024.1/lib/lnx64.o/librdi_synth.so(+0x13623e5) [0x7f3ec06323e5]
/home/coppholl/Xilinx/Vivado/2024.1/lib/lnx64.o/libtcl8.6.so(TclNRRunCallbacks+0x47) [0x7f3ef39fc497]
/home/coppholl/Xilinx/Vivado/2024.1/lib/lnx64.o/librdi_commontasks.so(+0x25c6d1) [0x7f3eed5046d1]
/home/coppholl/Xilinx/Vivado/2024.1/lib/lnx64.o/libtcl8.6.so(TclNRRunCallbacks+0x47) [0x7f3ef39fc497]
/home/coppholl/Xilinx/Vivado/2024.1/lib/lnx64.o/librdi_commontasks.so(+0x25c6d1) [0x7f3eed5046d1]
/home/coppholl/Xilinx/Vivado/2024.1/lib/lnx64.o/libtcl8.6.so(TclNRRunCallbacks+0x47) [0x7f3ef39fc497]
/home/coppholl/Xilinx/Vivado/2024.1/lib/lnx64.o/libtcl8.6.so(+0x45309) [0x7f3ef39fe309]
/home/coppholl/Xilinx/Vivado/2024.1/lib/lnx64.o/libtcl8.6.so(Tcl_FSEvalFileEx+0x1f8) [0x7f3ef3ab3ae8]
/home/coppholl/Xilinx/Vivado/2024.1/lib/lnx64.o/librdi_commontasks.so(+0x27c1d5) [0x7f3eed5241d5]
/home/coppholl/Xilinx/Vivado/2024.1/lib/lnx64.o/librdi_common.so(+0xd85d9f) [0x7f3ef8a90d9f]
/home/coppholl/Xilinx/Vivado/2024.1/lib/lnx64.o/libtcl8.6.so(TclNRRunCallbacks+0x47) [0x7f3ef39fc497]
/home/coppholl/Xilinx/Vivado/2024.1/lib/lnx64.o/libtcl8.6.so(+0x45309) [0x7f3ef39fe309]
/home/coppholl/Xilinx/Vivado/2024.1/lib/lnx64.o/libtcl8.6.so(Tcl_FSEvalFileEx+0x1f8) [0x7f3ef3ab3ae8]
/home/coppholl/Xilinx/Vivado/2024.1/lib/lnx64.o/librdi_commontasks.so(+0x27c1d5) [0x7f3eed5241d5]
/home/coppholl/Xilinx/Vivado/2024.1/lib/lnx64.o/librdi_common.so(+0xd85d9f) [0x7f3ef8a90d9f]
/home/coppholl/Xilinx/Vivado/2024.1/lib/lnx64.o/libtcl8.6.so(TclNRRunCallbacks+0x47) [0x7f3ef39fc497]
/home/coppholl/Xilinx/Vivado/2024.1/lib/lnx64.o/librdi_commontasks.so(+0x25c6d1) [0x7f3eed5046d1]
/home/coppholl/Xilinx/Vivado/2024.1/lib/lnx64.o/libtcl8.6.so(TclNRRunCallbacks+0x47) [0x7f3ef39fc497]
/home/coppholl/Xilinx/Vivado/2024.1/lib/lnx64.o/librdi_common.so(hdi::tcltasks::task_manager::eval_in_tcl(Tcl_Interp*, Tcl_Obj*, char const*, bool)+0x7ad) [0x7f3ef8a8f15d]
/home/coppholl/Xilinx/Vivado/2024.1/lib/lnx64.o/librdi_synth.so(HARTSWorker::runInternal()+0xe5) [0x7f3ec12287a5]
/home/coppholl/Xilinx/Vivado/2024.1/lib/lnx64.o/librdi_synth.so(HARTSWorker::runJob(HARTSWorkerConfig&)+0x3f) [0x7f3ec1229f5f]
/home/coppholl/Xilinx/Vivado/2024.1/lib/lnx64.o/librdi_synth.so(HARTSWorker::mainLoop()+0x8b) [0x7f3ec122bc4b]
/home/coppholl/Xilinx/Vivado/2024.1/lib/lnx64.o/librdi_synth.so(HARTNDb::parallelListen(char const*, char const*, char const*)+0x39) [0x7f3ec05aece9]
/home/coppholl/Xilinx/Vivado/2024.1/lib/lnx64.o/librdi_synth.so(+0x14a4a74) [0x7f3ec0774a74]
/home/coppholl/Xilinx/Vivado/2024.1/lib/lnx64.o/librdi_synth.so(+0x13623e5) [0x7f3ec06323e5]
/home/coppholl/Xilinx/Vivado/2024.1/lib/lnx64.o/libtcl8.6.so(TclNRRunCallbacks+0x47) [0x7f3ef39fc497]
/home/coppholl/Xilinx/Vivado/2024.1/lib/lnx64.o/librdi_commontasks.so(+0x25c62e) [0x7f3eed50462e]
/home/coppholl/Xilinx/Vivado/2024.1/lib/lnx64.o/libtcl8.6.so(TclNRRunCallbacks+0x47) [0x7f3ef39fc497]
/home/coppholl/Xilinx/Vivado/2024.1/lib/lnx64.o/libtcl8.6.so(+0x45309) [0x7f3ef39fe309]
/home/coppholl/Xilinx/Vivado/2024.1/lib/lnx64.o/libtcl8.6.so(Tcl_FSEvalFileEx+0x1f8) [0x7f3ef3ab3ae8]
/home/coppholl/Xilinx/Vivado/2024.1/lib/lnx64.o/librdi_commontasks.so(+0x27c1d5) [0x7f3eed5241d5]
/home/coppholl/Xilinx/Vivado/2024.1/lib/lnx64.o/librdi_common.so(+0xd85d9f) [0x7f3ef8a90d9f]
/home/coppholl/Xilinx/Vivado/2024.1/lib/lnx64.o/libtcl8.6.so(TclNRRunCallbacks+0x47) [0x7f3ef39fc497]
/home/coppholl/Xilinx/Vivado/2024.1/lib/lnx64.o/librdi_commontasks.so(+0x2c4bad) [0x7f3eed56cbad]
/home/coppholl/Xilinx/Vivado/2024.1/lib/lnx64.o/librdi_commontasks.so(+0x2c61df) [0x7f3eed56e1df]
/home/coppholl/Xilinx/Vivado/2024.1/lib/lnx64.o/librdi_common.so(+0xd85d9f) [0x7f3ef8a90d9f]
/home/coppholl/Xilinx/Vivado/2024.1/lib/lnx64.o/libtcl8.6.so(TclNRRunCallbacks+0x47) [0x7f3ef39fc497]
/home/coppholl/Xilinx/Vivado/2024.1/lib/lnx64.o/librdi_commonmain.so(+0xe6d2) [0x7f3ef7cfe6d2]
/home/coppholl/Xilinx/Vivado/2024.1/lib/lnx64.o/libtcl8.6.so(Tcl_MainEx+0x1a8) [0x7f3ef3abb038]
/home/coppholl/Xilinx/Vivado/2024.1/lib/lnx64.o/librdi_common.so(+0xdaf42b) [0x7f3ef8aba42b]
/lib/x86_64-linux-gnu/libpthread.so.0(+0x8609) [0x7f3ef76a8609]
/lib/x86_64-linux-gnu/libc.so.6(clone+0x43) [0x7f3ef77e2353]
