#
# An unexpected error has occurred (6)
#
Stack:
/lib/x86_64-linux-gnu/libc.so.6(+0x43090) [0x7fd8303a6090]
/lib/x86_64-linux-gnu/libc.so.6(gsignal+0xcb) [0x7fd8303a600b]
/lib/x86_64-linux-gnu/libc.so.6(abort+0x12b) [0x7fd830385859]
/home/coppholl/Xilinx/Vivado/2024.1/lib/lnx64.o/Ubuntu/20/libstdc++.so.6(+0x9e911) [0x7fd83084c911]
/home/coppholl/Xilinx/Vivado/2024.1/lib/lnx64.o/Ubuntu/20/libstdc++.so.6(+0xaa38c) [0x7fd83085838c]
/home/coppholl/Xilinx/Vivado/2024.1/lib/lnx64.o/Ubuntu/20/libstdc++.so.6(+0xaa3f7) [0x7fd8308583f7]
/home/coppholl/Xilinx/Vivado/2024.1/lib/lnx64.o/Ubuntu/20/libstdc++.so.6(+0xab155) [0x7fd830859155]
/home/coppholl/Xilinx/Vivado/2024.1/lib/lnx64.o/librdi_synth.so(NPinC::destroy()+0x95) [0x7fd7fa8543e5]
/home/coppholl/Xilinx/Vivado/2024.1/lib/lnx64.o/librdi_synth.so(NInstC::~NInstC()+0x64) [0x7fd7fa81c8e4]
/home/coppholl/Xilinx/Vivado/2024.1/lib/lnx64.o/librdi_synth.so(NBaseModC::_delInstance(NInstC*, bool)+0x14c) [0x7fd7fa84850c]
/home/coppholl/Xilinx/Vivado/2024.1/lib/lnx64.o/librdi_synth.so(NBaseModC::delInstance(NInstC*, bool, bool)+0x13) [0x7fd7fa848ab3]
/home/coppholl/Xilinx/Vivado/2024.1/lib/lnx64.o/librdi_synth.so(HARTNDb::clearInstances(NRealMod, bool)+0x233) [0x7fd7f91dbe63]
/home/coppholl/Xilinx/Vivado/2024.1/lib/lnx64.o/librdi_synth.so(HARTNDb::cleanupDesignDanglingModules(NDes)+0x9d) [0x7fd7f91dc0fd]
/home/coppholl/Xilinx/Vivado/2024.1/lib/lnx64.o/librdi_synth.so(HARTNDb::cleanupDanglingModules()+0x2f) [0x7fd7f91dc1cf]
/home/coppholl/Xilinx/Vivado/2024.1/lib/lnx64.o/librdi_synth.so(+0x1485b23) [0x7fd7f93f5b23]
/home/coppholl/Xilinx/Vivado/2024.1/lib/lnx64.o/librdi_synth.so(+0x13623e5) [0x7fd7f92d23e5]
/home/coppholl/Xilinx/Vivado/2024.1/lib/lnx64.o/libtcl8.6.so(TclNRRunCallbacks+0x47) [0x7fd82c69c497]
/home/coppholl/Xilinx/Vivado/2024.1/lib/lnx64.o/librdi_commontasks.so(+0x25c6d1) [0x7fd8261a46d1]
/home/coppholl/Xilinx/Vivado/2024.1/lib/lnx64.o/libtcl8.6.so(TclNRRunCallbacks+0x47) [0x7fd82c69c497]
/home/coppholl/Xilinx/Vivado/2024.1/lib/lnx64.o/librdi_commontasks.so(+0x25c6d1) [0x7fd8261a46d1]
/home/coppholl/Xilinx/Vivado/2024.1/lib/lnx64.o/libtcl8.6.so(TclNRRunCallbacks+0x47) [0x7fd82c69c497]
/home/coppholl/Xilinx/Vivado/2024.1/lib/lnx64.o/libtcl8.6.so(+0x45309) [0x7fd82c69e309]
/home/coppholl/Xilinx/Vivado/2024.1/lib/lnx64.o/libtcl8.6.so(Tcl_FSEvalFileEx+0x1f8) [0x7fd82c753ae8]
/home/coppholl/Xilinx/Vivado/2024.1/lib/lnx64.o/librdi_commontasks.so(+0x27c1d5) [0x7fd8261c41d5]
/home/coppholl/Xilinx/Vivado/2024.1/lib/lnx64.o/librdi_common.so(+0xd85d9f) [0x7fd831730d9f]
/home/coppholl/Xilinx/Vivado/2024.1/lib/lnx64.o/libtcl8.6.so(TclNRRunCallbacks+0x47) [0x7fd82c69c497]
/home/coppholl/Xilinx/Vivado/2024.1/lib/lnx64.o/libtcl8.6.so(+0x45309) [0x7fd82c69e309]
/home/coppholl/Xilinx/Vivado/2024.1/lib/lnx64.o/libtcl8.6.so(Tcl_FSEvalFileEx+0x1f8) [0x7fd82c753ae8]
/home/coppholl/Xilinx/Vivado/2024.1/lib/lnx64.o/librdi_commontasks.so(+0x27c1d5) [0x7fd8261c41d5]
/home/coppholl/Xilinx/Vivado/2024.1/lib/lnx64.o/librdi_common.so(+0xd85d9f) [0x7fd831730d9f]
/home/coppholl/Xilinx/Vivado/2024.1/lib/lnx64.o/libtcl8.6.so(TclNRRunCallbacks+0x47) [0x7fd82c69c497]
/home/coppholl/Xilinx/Vivado/2024.1/lib/lnx64.o/librdi_commontasks.so(+0x25c6d1) [0x7fd8261a46d1]
/home/coppholl/Xilinx/Vivado/2024.1/lib/lnx64.o/libtcl8.6.so(TclNRRunCallbacks+0x47) [0x7fd82c69c497]
/home/coppholl/Xilinx/Vivado/2024.1/lib/lnx64.o/librdi_common.so(hdi::tcltasks::task_manager::eval_in_tcl(Tcl_Interp*, Tcl_Obj*, char const*, bool)+0x7ad) [0x7fd83172f15d]
/home/coppholl/Xilinx/Vivado/2024.1/lib/lnx64.o/librdi_synth.so(HARTSWorker::runInternal()+0xe5) [0x7fd7f9ec87a5]
/home/coppholl/Xilinx/Vivado/2024.1/lib/lnx64.o/librdi_synth.so(HARTSWorker::runJob(HARTSWorkerConfig&)+0x3f) [0x7fd7f9ec9f5f]
/home/coppholl/Xilinx/Vivado/2024.1/lib/lnx64.o/librdi_synth.so(HARTSWorker::mainLoop()+0x8b) [0x7fd7f9ecbc4b]
/home/coppholl/Xilinx/Vivado/2024.1/lib/lnx64.o/librdi_synth.so(HARTNDb::parallelListen(char const*, char const*, char const*)+0x39) [0x7fd7f924ece9]
/home/coppholl/Xilinx/Vivado/2024.1/lib/lnx64.o/librdi_synth.so(+0x14a4a74) [0x7fd7f9414a74]
/home/coppholl/Xilinx/Vivado/2024.1/lib/lnx64.o/librdi_synth.so(+0x13623e5) [0x7fd7f92d23e5]
/home/coppholl/Xilinx/Vivado/2024.1/lib/lnx64.o/libtcl8.6.so(TclNRRunCallbacks+0x47) [0x7fd82c69c497]
/home/coppholl/Xilinx/Vivado/2024.1/lib/lnx64.o/librdi_commontasks.so(+0x25c62e) [0x7fd8261a462e]
/home/coppholl/Xilinx/Vivado/2024.1/lib/lnx64.o/libtcl8.6.so(TclNRRunCallbacks+0x47) [0x7fd82c69c497]
/home/coppholl/Xilinx/Vivado/2024.1/lib/lnx64.o/libtcl8.6.so(+0x45309) [0x7fd82c69e309]
/home/coppholl/Xilinx/Vivado/2024.1/lib/lnx64.o/libtcl8.6.so(Tcl_FSEvalFileEx+0x1f8) [0x7fd82c753ae8]
/home/coppholl/Xilinx/Vivado/2024.1/lib/lnx64.o/librdi_commontasks.so(+0x27c1d5) [0x7fd8261c41d5]
/home/coppholl/Xilinx/Vivado/2024.1/lib/lnx64.o/librdi_common.so(+0xd85d9f) [0x7fd831730d9f]
/home/coppholl/Xilinx/Vivado/2024.1/lib/lnx64.o/libtcl8.6.so(TclNRRunCallbacks+0x47) [0x7fd82c69c497]
/home/coppholl/Xilinx/Vivado/2024.1/lib/lnx64.o/librdi_commontasks.so(+0x2c4bad) [0x7fd82620cbad]
/home/coppholl/Xilinx/Vivado/2024.1/lib/lnx64.o/librdi_commontasks.so(+0x2c61df) [0x7fd82620e1df]
/home/coppholl/Xilinx/Vivado/2024.1/lib/lnx64.o/librdi_common.so(+0xd85d9f) [0x7fd831730d9f]
/home/coppholl/Xilinx/Vivado/2024.1/lib/lnx64.o/libtcl8.6.so(TclNRRunCallbacks+0x47) [0x7fd82c69c497]
/home/coppholl/Xilinx/Vivado/2024.1/lib/lnx64.o/librdi_commonmain.so(+0xe6d2) [0x7fd83099e6d2]
/home/coppholl/Xilinx/Vivado/2024.1/lib/lnx64.o/libtcl8.6.so(Tcl_MainEx+0x1a8) [0x7fd82c75b038]
/home/coppholl/Xilinx/Vivado/2024.1/lib/lnx64.o/librdi_common.so(+0xdaf42b) [0x7fd83175a42b]
/lib/x86_64-linux-gnu/libpthread.so.0(+0x8609) [0x7fd830348609]
/lib/x86_64-linux-gnu/libc.so.6(clone+0x43) [0x7fd830482353]
