#
# An unexpected error has occurred (11)
#
Stack:
/lib/x86_64-linux-gnu/libc.so.6(+0x43090) [0x7f9b34b9d090]
/home/coppholl/Xilinx/Vivado/2024.1/lib/lnx64.o/librdi_synth.so(UAggName::name(UNamingStyle) const+0x1) [0x7f9aff1bb2f1]
/home/coppholl/Xilinx/Vivado/2024.1/lib/lnx64.o/librdi_synth.so(HARTNDb::writeAGenome(char const*, bool)+0x5c2) [0x7f9afda54af2]
/home/coppholl/Xilinx/Vivado/2024.1/lib/lnx64.o/librdi_synth.so(+0x142d2d1) [0x7f9afdb942d1]
/home/coppholl/Xilinx/Vivado/2024.1/lib/lnx64.o/librdi_synth.so(+0x13623e5) [0x7f9afdac93e5]
/home/coppholl/Xilinx/Vivado/2024.1/lib/lnx64.o/libtcl8.6.so(TclNRRunCallbacks+0x47) [0x7f9b30e93497]
/home/coppholl/Xilinx/Vivado/2024.1/lib/lnx64.o/libtcl8.6.so(+0x45309) [0x7f9b30e95309]
/home/coppholl/Xilinx/Vivado/2024.1/lib/lnx64.o/libtcl8.6.so(Tcl_FSEvalFileEx+0x1f8) [0x7f9b30f4aae8]
/home/coppholl/Xilinx/Vivado/2024.1/lib/lnx64.o/librdi_commontasks.so(+0x27c1d5) [0x7f9b2a9bb1d5]
/home/coppholl/Xilinx/Vivado/2024.1/lib/lnx64.o/librdi_common.so(+0xd85d9f) [0x7f9b35f27d9f]
/home/coppholl/Xilinx/Vivado/2024.1/lib/lnx64.o/libtcl8.6.so(TclNRRunCallbacks+0x47) [0x7f9b30e93497]
/home/coppholl/Xilinx/Vivado/2024.1/lib/lnx64.o/libtcl8.6.so(+0x45309) [0x7f9b30e95309]
/home/coppholl/Xilinx/Vivado/2024.1/lib/lnx64.o/libtcl8.6.so(Tcl_FSEvalFileEx+0x1f8) [0x7f9b30f4aae8]
/home/coppholl/Xilinx/Vivado/2024.1/lib/lnx64.o/librdi_commontasks.so(+0x27c1d5) [0x7f9b2a9bb1d5]
/home/coppholl/Xilinx/Vivado/2024.1/lib/lnx64.o/librdi_common.so(+0xd85d9f) [0x7f9b35f27d9f]
/home/coppholl/Xilinx/Vivado/2024.1/lib/lnx64.o/libtcl8.6.so(TclNRRunCallbacks+0x47) [0x7f9b30e93497]
/home/coppholl/Xilinx/Vivado/2024.1/lib/lnx64.o/librdi_commontasks.so(+0x25c6d1) [0x7f9b2a99b6d1]
/home/coppholl/Xilinx/Vivado/2024.1/lib/lnx64.o/libtcl8.6.so(TclNRRunCallbacks+0x47) [0x7f9b30e93497]
/home/coppholl/Xilinx/Vivado/2024.1/lib/lnx64.o/librdi_common.so(hdi::tcltasks::task_manager::eval_in_tcl(Tcl_Interp*, Tcl_Obj*, char const*, bool)+0x7ad) [0x7f9b35f2615d]
/home/coppholl/Xilinx/Vivado/2024.1/lib/lnx64.o/librdi_synth.so(HARTSWorker::runInternal()+0xe5) [0x7f9afe6bf7a5]
/home/coppholl/Xilinx/Vivado/2024.1/lib/lnx64.o/librdi_synth.so(HARTSWorker::runJob(HARTSWorkerConfig&)+0x3f) [0x7f9afe6c0f5f]
/home/coppholl/Xilinx/Vivado/2024.1/lib/lnx64.o/librdi_synth.so(HARTSWorker::mainLoop()+0x8b) [0x7f9afe6c2c4b]
/home/coppholl/Xilinx/Vivado/2024.1/lib/lnx64.o/librdi_synth.so(HARTNDb::parallelListen(char const*, char const*, char const*)+0x39) [0x7f9afda45ce9]
/home/coppholl/Xilinx/Vivado/2024.1/lib/lnx64.o/librdi_synth.so(+0x14a4a74) [0x7f9afdc0ba74]
/home/coppholl/Xilinx/Vivado/2024.1/lib/lnx64.o/librdi_synth.so(+0x13623e5) [0x7f9afdac93e5]
/home/coppholl/Xilinx/Vivado/2024.1/lib/lnx64.o/libtcl8.6.so(TclNRRunCallbacks+0x47) [0x7f9b30e93497]
/home/coppholl/Xilinx/Vivado/2024.1/lib/lnx64.o/librdi_commontasks.so(+0x25c62e) [0x7f9b2a99b62e]
/home/coppholl/Xilinx/Vivado/2024.1/lib/lnx64.o/libtcl8.6.so(TclNRRunCallbacks+0x47) [0x7f9b30e93497]
/home/coppholl/Xilinx/Vivado/2024.1/lib/lnx64.o/libtcl8.6.so(+0x45309) [0x7f9b30e95309]
/home/coppholl/Xilinx/Vivado/2024.1/lib/lnx64.o/libtcl8.6.so(Tcl_FSEvalFileEx+0x1f8) [0x7f9b30f4aae8]
/home/coppholl/Xilinx/Vivado/2024.1/lib/lnx64.o/librdi_commontasks.so(+0x27c1d5) [0x7f9b2a9bb1d5]
/home/coppholl/Xilinx/Vivado/2024.1/lib/lnx64.o/librdi_common.so(+0xd85d9f) [0x7f9b35f27d9f]
/home/coppholl/Xilinx/Vivado/2024.1/lib/lnx64.o/libtcl8.6.so(TclNRRunCallbacks+0x47) [0x7f9b30e93497]
/home/coppholl/Xilinx/Vivado/2024.1/lib/lnx64.o/librdi_commontasks.so(+0x2c4bad) [0x7f9b2aa03bad]
/home/coppholl/Xilinx/Vivado/2024.1/lib/lnx64.o/librdi_commontasks.so(+0x2c61df) [0x7f9b2aa051df]
/home/coppholl/Xilinx/Vivado/2024.1/lib/lnx64.o/librdi_common.so(+0xd85d9f) [0x7f9b35f27d9f]
/home/coppholl/Xilinx/Vivado/2024.1/lib/lnx64.o/libtcl8.6.so(TclNRRunCallbacks+0x47) [0x7f9b30e93497]
/home/coppholl/Xilinx/Vivado/2024.1/lib/lnx64.o/librdi_commonmain.so(+0xe6d2) [0x7f9b351956d2]
/home/coppholl/Xilinx/Vivado/2024.1/lib/lnx64.o/libtcl8.6.so(Tcl_MainEx+0x1a8) [0x7f9b30f52038]
/home/coppholl/Xilinx/Vivado/2024.1/lib/lnx64.o/librdi_common.so(+0xdaf42b) [0x7f9b35f5142b]
/lib/x86_64-linux-gnu/libpthread.so.0(+0x8609) [0x7f9b34b3f609]
/lib/x86_64-linux-gnu/libc.so.6(clone+0x43) [0x7f9b34c79353]
